4591870180066957722 0.10000000000000001 4591870180066957722
