0.00000000000000000
-0.00000000000000000
true
1000000.00000000000000000
0.00000100000000000
-1000000.00000000000000000
1.10000000000000000e+11
1.00000000000000000e+21
9.99999999999999908e-22
100000.00000000000000000
